Archive member included because of file (symbol)

/usr/local/gcc_arm/gcc-arm-none-eabi-4_9-2015q3/bin/../lib/gcc/arm-none-eabi/4.9.3/../../../../arm-none-eabi/lib/armv7e-m/fpu/libc_nano.a(lib_a-exit.o)
                              /usr/local/gcc_arm/gcc-arm-none-eabi-4_9-2015q3/bin/../lib/gcc/arm-none-eabi/4.9.3/../../../../arm-none-eabi/lib/armv7e-m/fpu/crt0.o (exit)
/usr/local/gcc_arm/gcc-arm-none-eabi-4_9-2015q3/bin/../lib/gcc/arm-none-eabi/4.9.3/../../../../arm-none-eabi/lib/armv7e-m/fpu/libc_nano.a(lib_a-impure.o)
                              /usr/local/gcc_arm/gcc-arm-none-eabi-4_9-2015q3/bin/../lib/gcc/arm-none-eabi/4.9.3/../../../../arm-none-eabi/lib/armv7e-m/fpu/libc_nano.a(lib_a-exit.o) (_global_impure_ptr)
/usr/local/gcc_arm/gcc-arm-none-eabi-4_9-2015q3/bin/../lib/gcc/arm-none-eabi/4.9.3/../../../../arm-none-eabi/lib/armv7e-m/fpu/libc_nano.a(lib_a-init.o)
                              /usr/local/gcc_arm/gcc-arm-none-eabi-4_9-2015q3/bin/../lib/gcc/arm-none-eabi/4.9.3/../../../../arm-none-eabi/lib/armv7e-m/fpu/crt0.o (__libc_init_array)
/usr/local/gcc_arm/gcc-arm-none-eabi-4_9-2015q3/bin/../lib/gcc/arm-none-eabi/4.9.3/../../../../arm-none-eabi/lib/armv7e-m/fpu/libc_nano.a(lib_a-memset.o)
                              /usr/local/gcc_arm/gcc-arm-none-eabi-4_9-2015q3/bin/../lib/gcc/arm-none-eabi/4.9.3/../../../../arm-none-eabi/lib/armv7e-m/fpu/crt0.o (memset)
/usr/local/gcc_arm/gcc-arm-none-eabi-4_9-2015q3/bin/../lib/gcc/arm-none-eabi/4.9.3/../../../../arm-none-eabi/lib/armv7e-m/fpu/libnosys.a(_exit.o)
                              /usr/local/gcc_arm/gcc-arm-none-eabi-4_9-2015q3/bin/../lib/gcc/arm-none-eabi/4.9.3/../../../../arm-none-eabi/lib/armv7e-m/fpu/libc_nano.a(lib_a-exit.o) (_exit)
/usr/local/gcc_arm/gcc-arm-none-eabi-4_9-2015q3/bin/../lib/gcc/arm-none-eabi/4.9.3/../../../../arm-none-eabi/lib/armv7e-m/fpu/libc_nano.a(lib_a-memcmp.o)
                              _build/device_manager_peripheral.o (memcmp)
/usr/local/gcc_arm/gcc-arm-none-eabi-4_9-2015q3/bin/../lib/gcc/arm-none-eabi/4.9.3/../../../../arm-none-eabi/lib/armv7e-m/fpu/libc_nano.a(lib_a-memcpy.o)
                              _build/pstorage.o (memcpy)
/usr/local/gcc_arm/gcc-arm-none-eabi-4_9-2015q3/bin/../lib/gcc/arm-none-eabi/4.9.3/../../../../arm-none-eabi/lib/armv7e-m/fpu/libc_nano.a(lib_a-memmove.o)
                              _build/ble_hrs.o (memmove)
/usr/local/gcc_arm/gcc-arm-none-eabi-4_9-2015q3/bin/../lib/gcc/arm-none-eabi/4.9.3/../../../../arm-none-eabi/lib/armv7e-m/fpu/libc_nano.a(lib_a-strlen.o)
                              _build/main.o (strlen)

Allocating common symbols
Common symbol       size              file

__stdin             0x68              _build/retarget.o
__stdout            0x68              _build/retarget.o

Discarded input sections

 .text          0x0000000000000000        0x0 /usr/local/gcc_arm/gcc-arm-none-eabi-4_9-2015q3/bin/../lib/gcc/arm-none-eabi/4.9.3/armv7e-m/fpu/crti.o
 .data          0x0000000000000000        0x0 /usr/local/gcc_arm/gcc-arm-none-eabi-4_9-2015q3/bin/../lib/gcc/arm-none-eabi/4.9.3/armv7e-m/fpu/crti.o
 .bss           0x0000000000000000        0x0 /usr/local/gcc_arm/gcc-arm-none-eabi-4_9-2015q3/bin/../lib/gcc/arm-none-eabi/4.9.3/armv7e-m/fpu/crti.o
 .text          0x0000000000000000       0x5c /usr/local/gcc_arm/gcc-arm-none-eabi-4_9-2015q3/bin/../lib/gcc/arm-none-eabi/4.9.3/armv7e-m/fpu/crtbegin.o
 .data          0x0000000000000000        0x4 /usr/local/gcc_arm/gcc-arm-none-eabi-4_9-2015q3/bin/../lib/gcc/arm-none-eabi/4.9.3/armv7e-m/fpu/crtbegin.o
 .bss           0x0000000000000000       0x1c /usr/local/gcc_arm/gcc-arm-none-eabi-4_9-2015q3/bin/../lib/gcc/arm-none-eabi/4.9.3/armv7e-m/fpu/crtbegin.o
 .init_array    0x0000000000000000        0x4 /usr/local/gcc_arm/gcc-arm-none-eabi-4_9-2015q3/bin/../lib/gcc/arm-none-eabi/4.9.3/armv7e-m/fpu/crtbegin.o
 .fini_array    0x0000000000000000        0x4 /usr/local/gcc_arm/gcc-arm-none-eabi-4_9-2015q3/bin/../lib/gcc/arm-none-eabi/4.9.3/armv7e-m/fpu/crtbegin.o
 .eh_frame      0x0000000000000000        0x0 /usr/local/gcc_arm/gcc-arm-none-eabi-4_9-2015q3/bin/../lib/gcc/arm-none-eabi/4.9.3/armv7e-m/fpu/crtbegin.o
 .jcr           0x0000000000000000        0x0 /usr/local/gcc_arm/gcc-arm-none-eabi-4_9-2015q3/bin/../lib/gcc/arm-none-eabi/4.9.3/armv7e-m/fpu/crtbegin.o
 .ARM.attributes
                0x0000000000000000       0x34 /usr/local/gcc_arm/gcc-arm-none-eabi-4_9-2015q3/bin/../lib/gcc/arm-none-eabi/4.9.3/armv7e-m/fpu/crtbegin.o
 .data          0x0000000000000000        0x0 /usr/local/gcc_arm/gcc-arm-none-eabi-4_9-2015q3/bin/../lib/gcc/arm-none-eabi/4.9.3/../../../../arm-none-eabi/lib/armv7e-m/fpu/crt0.o
 .bss           0x0000000000000000        0x0 /usr/local/gcc_arm/gcc-arm-none-eabi-4_9-2015q3/bin/../lib/gcc/arm-none-eabi/4.9.3/../../../../arm-none-eabi/lib/armv7e-m/fpu/crt0.o
 .ARM.extab     0x0000000000000000        0x0 /usr/local/gcc_arm/gcc-arm-none-eabi-4_9-2015q3/bin/../lib/gcc/arm-none-eabi/4.9.3/../../../../arm-none-eabi/lib/armv7e-m/fpu/crt0.o
 .text          0x0000000000000000        0x0 /usr/local/gcc_arm/gcc-arm-none-eabi-4_9-2015q3/bin/../lib/gcc/arm-none-eabi/4.9.3/../../../../arm-none-eabi/lib/armv7e-m/fpu/libc_nano.a(lib_a-exit.o)
 .data          0x0000000000000000        0x0 /usr/local/gcc_arm/gcc-arm-none-eabi-4_9-2015q3/bin/../lib/gcc/arm-none-eabi/4.9.3/../../../../arm-none-eabi/lib/armv7e-m/fpu/libc_nano.a(lib_a-exit.o)
 .bss           0x0000000000000000        0x0 /usr/local/gcc_arm/gcc-arm-none-eabi-4_9-2015q3/bin/../lib/gcc/arm-none-eabi/4.9.3/../../../../arm-none-eabi/lib/armv7e-m/fpu/libc_nano.a(lib_a-exit.o)
 .text          0x0000000000000000        0x0 /usr/local/gcc_arm/gcc-arm-none-eabi-4_9-2015q3/bin/../lib/gcc/arm-none-eabi/4.9.3/../../../../arm-none-eabi/lib/armv7e-m/fpu/libc_nano.a(lib_a-impure.o)
 .data          0x0000000000000000        0x0 /usr/local/gcc_arm/gcc-arm-none-eabi-4_9-2015q3/bin/../lib/gcc/arm-none-eabi/4.9.3/../../../../arm-none-eabi/lib/armv7e-m/fpu/libc_nano.a(lib_a-impure.o)
 .bss           0x0000000000000000        0x0 /usr/local/gcc_arm/gcc-arm-none-eabi-4_9-2015q3/bin/../lib/gcc/arm-none-eabi/4.9.3/../../../../arm-none-eabi/lib/armv7e-m/fpu/libc_nano.a(lib_a-impure.o)
 .data._impure_ptr
                0x0000000000000000        0x4 /usr/local/gcc_arm/gcc-arm-none-eabi-4_9-2015q3/bin/../lib/gcc/arm-none-eabi/4.9.3/../../../../arm-none-eabi/lib/armv7e-m/fpu/libc_nano.a(lib_a-impure.o)
 .text          0x0000000000000000        0x0 /usr/local/gcc_arm/gcc-arm-none-eabi-4_9-2015q3/bin/../lib/gcc/arm-none-eabi/4.9.3/../../../../arm-none-eabi/lib/armv7e-m/fpu/libc_nano.a(lib_a-init.o)
 .data          0x0000000000000000        0x0 /usr/local/gcc_arm/gcc-arm-none-eabi-4_9-2015q3/bin/../lib/gcc/arm-none-eabi/4.9.3/../../../../arm-none-eabi/lib/armv7e-m/fpu/libc_nano.a(lib_a-init.o)
 .bss           0x0000000000000000        0x0 /usr/local/gcc_arm/gcc-arm-none-eabi-4_9-2015q3/bin/../lib/gcc/arm-none-eabi/4.9.3/../../../../arm-none-eabi/lib/armv7e-m/fpu/libc_nano.a(lib_a-init.o)
 .text          0x0000000000000000        0x0 /usr/local/gcc_arm/gcc-arm-none-eabi-4_9-2015q3/bin/../lib/gcc/arm-none-eabi/4.9.3/../../../../arm-none-eabi/lib/armv7e-m/fpu/libc_nano.a(lib_a-memset.o)
 .data          0x0000000000000000        0x0 /usr/local/gcc_arm/gcc-arm-none-eabi-4_9-2015q3/bin/../lib/gcc/arm-none-eabi/4.9.3/../../../../arm-none-eabi/lib/armv7e-m/fpu/libc_nano.a(lib_a-memset.o)
 .bss           0x0000000000000000        0x0 /usr/local/gcc_arm/gcc-arm-none-eabi-4_9-2015q3/bin/../lib/gcc/arm-none-eabi/4.9.3/../../../../arm-none-eabi/lib/armv7e-m/fpu/libc_nano.a(lib_a-memset.o)
 .text          0x0000000000000000        0x0 /usr/local/gcc_arm/gcc-arm-none-eabi-4_9-2015q3/bin/../lib/gcc/arm-none-eabi/4.9.3/../../../../arm-none-eabi/lib/armv7e-m/fpu/libnosys.a(_exit.o)
 .data          0x0000000000000000        0x0 /usr/local/gcc_arm/gcc-arm-none-eabi-4_9-2015q3/bin/../lib/gcc/arm-none-eabi/4.9.3/../../../../arm-none-eabi/lib/armv7e-m/fpu/libnosys.a(_exit.o)
 .bss           0x0000000000000000        0x0 /usr/local/gcc_arm/gcc-arm-none-eabi-4_9-2015q3/bin/../lib/gcc/arm-none-eabi/4.9.3/../../../../arm-none-eabi/lib/armv7e-m/fpu/libnosys.a(_exit.o)
 .text          0x0000000000000000        0x0 _build/app_button.o
 .data          0x0000000000000000        0x0 _build/app_button.o
 .bss           0x0000000000000000        0x0 _build/app_button.o
 .text.app_button_disable
                0x0000000000000000       0x38 _build/app_button.o
 .text.app_button_is_pushed
                0x0000000000000000       0x34 _build/app_button.o
 .text          0x0000000000000000        0x0 _build/app_error.o
 .data          0x0000000000000000        0x0 _build/app_error.o
 .bss           0x0000000000000000        0x0 _build/app_error.o
 .text          0x0000000000000000        0x0 _build/app_fifo.o
 .data          0x0000000000000000        0x0 _build/app_fifo.o
 .bss           0x0000000000000000        0x0 _build/app_fifo.o
 .text.app_fifo_init
                0x0000000000000000       0x20 _build/app_fifo.o
 .text.app_fifo_put
                0x0000000000000000       0x30 _build/app_fifo.o
 .text.app_fifo_get
                0x0000000000000000       0x2c _build/app_fifo.o
 .text.app_fifo_flush
                0x0000000000000000        0xc _build/app_fifo.o
 .comment       0x0000000000000000       0x71 _build/app_fifo.o
 .ARM.attributes
                0x0000000000000000       0x39 _build/app_fifo.o
 .text          0x0000000000000000        0x0 _build/app_timer.o
 .data          0x0000000000000000        0x0 _build/app_timer.o
 .bss           0x0000000000000000        0x0 _build/app_timer.o
 .text.app_timer_stop_all
                0x0000000000000000       0xac _build/app_timer.o
 .text.app_timer_cnt_get
                0x0000000000000000       0x10 _build/app_timer.o
 .text.app_timer_cnt_diff_compute
                0x0000000000000000        0xc _build/app_timer.o
 .text          0x0000000000000000        0x0 _build/app_trace.o
 .data          0x0000000000000000        0x0 _build/app_trace.o
 .bss           0x0000000000000000        0x0 _build/app_trace.o
 .comment       0x0000000000000000       0x71 _build/app_trace.o
 .ARM.attributes
                0x0000000000000000       0x39 _build/app_trace.o
 .text          0x0000000000000000        0x0 _build/nrf_assert.o
 .data          0x0000000000000000        0x0 _build/nrf_assert.o
 .bss           0x0000000000000000        0x0 _build/nrf_assert.o
 .comment       0x0000000000000000       0x71 _build/nrf_assert.o
 .ARM.attributes
                0x0000000000000000       0x39 _build/nrf_assert.o
 .text          0x0000000000000000        0x0 _build/retarget.o
 .data          0x0000000000000000        0x0 _build/retarget.o
 .bss           0x0000000000000000        0x0 _build/retarget.o
 .text._write   0x0000000000000000       0x1c _build/retarget.o
 .text._read    0x0000000000000000       0x14 _build/retarget.o
 .comment       0x0000000000000000       0x71 _build/retarget.o
 .ARM.attributes
                0x0000000000000000       0x39 _build/retarget.o
 COMMON         0x0000000000000000       0xd0 _build/retarget.o
 .text          0x0000000000000000        0x0 _build/sensorsim.o
 .data          0x0000000000000000        0x0 _build/sensorsim.o
 .bss           0x0000000000000000        0x0 _build/sensorsim.o
 .text          0x0000000000000000        0x0 _build/app_uart_fifo.o
 .data          0x0000000000000000        0x0 _build/app_uart_fifo.o
 .bss           0x0000000000000000        0x0 _build/app_uart_fifo.o
 .text.uart_event_handler
                0x0000000000000000       0xac _build/app_uart_fifo.o
 .text.app_uart_init
                0x0000000000000000       0xc4 _build/app_uart_fifo.o
 .text.app_uart_flush
                0x0000000000000000       0x20 _build/app_uart_fifo.o
 .text.app_uart_get
                0x0000000000000000        0xc _build/app_uart_fifo.o
 .text.app_uart_put
                0x0000000000000000       0x2c _build/app_uart_fifo.o
 .text.app_uart_close
                0x0000000000000000        0xc _build/app_uart_fifo.o
 .rodata        0x0000000000000000       0x20 _build/app_uart_fifo.o
 .bss.tx_buffer
                0x0000000000000000        0x1 _build/app_uart_fifo.o
 .bss.m_event_handler
                0x0000000000000000        0x4 _build/app_uart_fifo.o
 .bss.rx_buffer
                0x0000000000000000        0x1 _build/app_uart_fifo.o
 .bss.m_tx_fifo
                0x0000000000000000       0x10 _build/app_uart_fifo.o
 .bss.m_rx_fifo
                0x0000000000000000       0x10 _build/app_uart_fifo.o
 .bss.tx_tmp    0x0000000000000000        0x1 _build/app_uart_fifo.o
 .comment       0x0000000000000000       0x71 _build/app_uart_fifo.o
 .ARM.attributes
                0x0000000000000000       0x39 _build/app_uart_fifo.o
 .text          0x0000000000000000        0x0 _build/nrf_delay.o
 .data          0x0000000000000000        0x0 _build/nrf_delay.o
 .bss           0x0000000000000000        0x0 _build/nrf_delay.o
 .text.nrf_delay_ms
                0x0000000000000000       0x98 _build/nrf_delay.o
 .comment       0x0000000000000000       0x71 _build/nrf_delay.o
 .ARM.attributes
                0x0000000000000000       0x39 _build/nrf_delay.o
 .text          0x0000000000000000        0x0 _build/nrf_drv_common.o
 .data          0x0000000000000000        0x0 _build/nrf_drv_common.o
 .bss           0x0000000000000000        0x0 _build/nrf_drv_common.o
 .text          0x0000000000000000        0x0 _build/nrf_drv_gpiote.o
 .data          0x0000000000000000        0x0 _build/nrf_drv_gpiote.o
 .bss           0x0000000000000000        0x0 _build/nrf_drv_gpiote.o
 .text.nrf_drv_gpiote_uninit
                0x0000000000000000       0xb0 _build/nrf_drv_gpiote.o
 .text.nrf_drv_gpiote_out_init
                0x0000000000000000       0xec _build/nrf_drv_gpiote.o
 .text.nrf_drv_gpiote_out_uninit
                0x0000000000000000       0x38 _build/nrf_drv_gpiote.o
 .text.nrf_drv_gpiote_out_set
                0x0000000000000000       0x10 _build/nrf_drv_gpiote.o
 .text.nrf_drv_gpiote_out_clear
                0x0000000000000000       0x10 _build/nrf_drv_gpiote.o
 .text.nrf_drv_gpiote_out_toggle
                0x0000000000000000       0x1c _build/nrf_drv_gpiote.o
 .text.nrf_drv_gpiote_out_task_enable
                0x0000000000000000       0x38 _build/nrf_drv_gpiote.o
 .text.nrf_drv_gpiote_out_task_disable
                0x0000000000000000       0x24 _build/nrf_drv_gpiote.o
 .text.nrf_drv_gpiote_out_task_addr_get
                0x0000000000000000       0x1c _build/nrf_drv_gpiote.o
 .text.nrf_drv_gpiote_out_task_force
                0x0000000000000000       0x38 _build/nrf_drv_gpiote.o
 .text.nrf_drv_gpiote_out_task_trigger
                0x0000000000000000       0x20 _build/nrf_drv_gpiote.o
 .text.nrf_drv_gpiote_in_event_disable
                0x0000000000000000       0x58 _build/nrf_drv_gpiote.o
 .text.nrf_drv_gpiote_in_uninit
                0x0000000000000000       0xb4 _build/nrf_drv_gpiote.o
 .text.nrf_drv_gpiote_in_event_addr_get
                0x0000000000000000       0x1c _build/nrf_drv_gpiote.o
 .text          0x0000000000000000        0x0 _build/nrf_drv_uart.o
 .data          0x0000000000000000        0x0 _build/nrf_drv_uart.o
 .bss           0x0000000000000000        0x0 _build/nrf_drv_uart.o
 .text.nrf_drv_uart_init
                0x0000000000000000      0x160 _build/nrf_drv_uart.o
 .text.nrf_drv_uart_uninit
                0x0000000000000000       0xb8 _build/nrf_drv_uart.o
 .text.nrf_drv_uart_tx
                0x0000000000000000      0x128 _build/nrf_drv_uart.o
 .text.nrf_drv_uart_rx
                0x0000000000000000      0x194 _build/nrf_drv_uart.o
 .text.nrf_drv_uart_rx_enable
                0x0000000000000000       0x30 _build/nrf_drv_uart.o
 .text.nrf_drv_uart_rx_disable
                0x0000000000000000       0x18 _build/nrf_drv_uart.o
 .text.nrf_drv_uart_errorsrc_get
                0x0000000000000000       0x34 _build/nrf_drv_uart.o
 .text.nrf_drv_uart_tx_abort
                0x0000000000000000       0x68 _build/nrf_drv_uart.o
 .text.nrf_drv_uart_rx_abort
                0x0000000000000000       0x2c _build/nrf_drv_uart.o
 .rodata.m_default_config
                0x0000000000000000       0x20 _build/nrf_drv_uart.o
 .text          0x0000000000000000        0x0 _build/pstorage.o
 .data          0x0000000000000000        0x0 _build/pstorage.o
 .bss           0x0000000000000000        0x0 _build/pstorage.o
 .text          0x0000000000000000        0x0 _build/bsp.o
 .data          0x0000000000000000        0x0 _build/bsp.o
 .bss           0x0000000000000000        0x0 _build/bsp.o
 .text.bsp_buttons_state_get
                0x0000000000000000       0x40 _build/bsp.o
 .text.bsp_indication_text_set
                0x0000000000000000      0x3b4 _build/bsp.o
 .text.bsp_buttons_enable
                0x0000000000000000        0x4 _build/bsp.o
 .text.bsp_buttons_disable
                0x0000000000000000        0x4 _build/bsp.o
 .text          0x0000000000000000        0x0 _build/bsp_btn_ble.o
 .data          0x0000000000000000        0x0 _build/bsp_btn_ble.o
 .bss           0x0000000000000000        0x0 _build/bsp_btn_ble.o
 .text          0x0000000000000000        0x0 _build/main.o
 .data          0x0000000000000000        0x0 _build/main.o
 .bss           0x0000000000000000        0x0 _build/main.o
 .text          0x0000000000000000        0x0 _build/ble_advdata.o
 .data          0x0000000000000000        0x0 _build/ble_advdata.o
 .bss           0x0000000000000000        0x0 _build/ble_advdata.o
 .text          0x0000000000000000        0x0 _build/ble_advertising.o
 .data          0x0000000000000000        0x0 _build/ble_advertising.o
 .bss           0x0000000000000000        0x0 _build/ble_advertising.o
 .text.ble_advertising_peer_addr_reply
                0x0000000000000000       0x3c _build/ble_advertising.o
 .text.ble_advertising_whitelist_reply
                0x0000000000000000       0xd0 _build/ble_advertising.o
 .text          0x0000000000000000        0x0 _build/ble_bas.o
 .data          0x0000000000000000        0x0 _build/ble_bas.o
 .bss           0x0000000000000000        0x0 _build/ble_bas.o
 .text          0x0000000000000000        0x0 _build/ble_conn_params.o
 .data          0x0000000000000000        0x0 _build/ble_conn_params.o
 .bss           0x0000000000000000        0x0 _build/ble_conn_params.o
 .text.ble_conn_params_stop
                0x0000000000000000        0xc _build/ble_conn_params.o
 .text.ble_conn_params_change_conn_params
                0x0000000000000000       0x74 _build/ble_conn_params.o
 .text          0x0000000000000000        0x0 _build/ble_dis.o
 .data          0x0000000000000000        0x0 _build/ble_dis.o
 .bss           0x0000000000000000        0x0 _build/ble_dis.o
 .text          0x0000000000000000        0x0 _build/ble_hrs.o
 .data          0x0000000000000000        0x0 _build/ble_hrs.o
 .bss           0x0000000000000000        0x0 _build/ble_hrs.o
 .text.sd_ble_gatts_value_set
                0x0000000000000000        0x4 _build/ble_hrs.o
 .text.ble_hrs_rr_interval_buffer_is_full
                0x0000000000000000       0x10 _build/ble_hrs.o
 .text.ble_hrs_sensor_contact_supported_set
                0x0000000000000000       0x14 _build/ble_hrs.o
 .text.ble_hrs_body_sensor_location_set
                0x0000000000000000       0x34 _build/ble_hrs.o
 .text          0x0000000000000000        0x0 _build/ble_srv_common.o
 .data          0x0000000000000000        0x0 _build/ble_srv_common.o
 .bss           0x0000000000000000        0x0 _build/ble_srv_common.o
 .text          0x0000000000000000        0x0 _build/device_manager_peripheral.o
 .data          0x0000000000000000        0x0 _build/device_manager_peripheral.o
 .bss           0x0000000000000000        0x0 _build/device_manager_peripheral.o
 .text.sd_ble_gap_authenticate
                0x0000000000000000        0x4 _build/device_manager_peripheral.o
 .text.dm_security_setup_req
                0x0000000000000000       0x4c _build/device_manager_peripheral.o
 .text.dm_security_status_req
                0x0000000000000000       0x5c _build/device_manager_peripheral.o
 .text.dm_whitelist_create
                0x0000000000000000       0xac _build/device_manager_peripheral.o
 .text.dm_device_add
                0x0000000000000000        0x8 _build/device_manager_peripheral.o
 .text.dm_device_delete
                0x0000000000000000       0xc0 _build/device_manager_peripheral.o
 .text.dm_device_delete_all
                0x0000000000000000       0xc0 _build/device_manager_peripheral.o
 .text.dm_service_context_set
                0x0000000000000000       0xb0 _build/device_manager_peripheral.o
 .text.dm_service_context_get
                0x0000000000000000       0xc8 _build/device_manager_peripheral.o
 .text.dm_service_context_delete
                0x0000000000000000       0x54 _build/device_manager_peripheral.o
 .text.dm_application_context_set
                0x0000000000000000       0xf0 _build/device_manager_peripheral.o
 .text.dm_application_context_get
                0x0000000000000000       0xb4 _build/device_manager_peripheral.o
 .text.dm_application_context_delete
                0x0000000000000000       0x98 _build/device_manager_peripheral.o
 .text.dm_application_instance_set
                0x0000000000000000       0x30 _build/device_manager_peripheral.o
 .text.dm_handle_initialize
                0x0000000000000000       0x18 _build/device_manager_peripheral.o
 .text.dm_peer_addr_set
                0x0000000000000000       0xac _build/device_manager_peripheral.o
 .text.dm_peer_addr_get
                0x0000000000000000       0x84 _build/device_manager_peripheral.o
 .text.dm_distributed_keys_get
                0x0000000000000000       0xb4 _build/device_manager_peripheral.o
 .text.dm_handle_get
                0x0000000000000000       0x44 _build/device_manager_peripheral.o
 .bss.m_local_id_info
                0x0000000000000000       0x17 _build/device_manager_peripheral.o
 .text          0x0000000000000000        0x0 _build/system_nrf52.o
 .data          0x0000000000000000        0x0 _build/system_nrf52.o
 .bss           0x0000000000000000        0x0 _build/system_nrf52.o
 .text.SystemCoreClockUpdate
                0x0000000000000000       0x10 _build/system_nrf52.o
 .text          0x0000000000000000        0x0 _build/softdevice_handler.o
 .data          0x0000000000000000        0x0 _build/softdevice_handler.o
 .bss           0x0000000000000000        0x0 _build/softdevice_handler.o
 .text.sd_softdevice_disable
                0x0000000000000000        0x4 _build/softdevice_handler.o
 .text.intern_softdevice_events_execute
                0x0000000000000000       0x10 _build/softdevice_handler.o
 .text.softdevice_handler_sd_disable
                0x0000000000000000       0x18 _build/softdevice_handler.o
 .data          0x0000000000000000        0x0 _build/gcc_startup_nrf52.o
 .bss           0x0000000000000000        0x0 _build/gcc_startup_nrf52.o
 .ARM.extab     0x0000000000000000        0x0 _build/gcc_startup_nrf52.o
 .text          0x0000000000000000        0x0 /usr/local/gcc_arm/gcc-arm-none-eabi-4_9-2015q3/bin/../lib/gcc/arm-none-eabi/4.9.3/../../../../arm-none-eabi/lib/armv7e-m/fpu/libc_nano.a(lib_a-memcmp.o)
 .data          0x0000000000000000        0x0 /usr/local/gcc_arm/gcc-arm-none-eabi-4_9-2015q3/bin/../lib/gcc/arm-none-eabi/4.9.3/../../../../arm-none-eabi/lib/armv7e-m/fpu/libc_nano.a(lib_a-memcmp.o)
 .bss           0x0000000000000000        0x0 /usr/local/gcc_arm/gcc-arm-none-eabi-4_9-2015q3/bin/../lib/gcc/arm-none-eabi/4.9.3/../../../../arm-none-eabi/lib/armv7e-m/fpu/libc_nano.a(lib_a-memcmp.o)
 .text          0x0000000000000000        0x0 /usr/local/gcc_arm/gcc-arm-none-eabi-4_9-2015q3/bin/../lib/gcc/arm-none-eabi/4.9.3/../../../../arm-none-eabi/lib/armv7e-m/fpu/libc_nano.a(lib_a-memcpy.o)
 .data          0x0000000000000000        0x0 /usr/local/gcc_arm/gcc-arm-none-eabi-4_9-2015q3/bin/../lib/gcc/arm-none-eabi/4.9.3/../../../../arm-none-eabi/lib/armv7e-m/fpu/libc_nano.a(lib_a-memcpy.o)
 .bss           0x0000000000000000        0x0 /usr/local/gcc_arm/gcc-arm-none-eabi-4_9-2015q3/bin/../lib/gcc/arm-none-eabi/4.9.3/../../../../arm-none-eabi/lib/armv7e-m/fpu/libc_nano.a(lib_a-memcpy.o)
 .text          0x0000000000000000        0x0 /usr/local/gcc_arm/gcc-arm-none-eabi-4_9-2015q3/bin/../lib/gcc/arm-none-eabi/4.9.3/../../../../arm-none-eabi/lib/armv7e-m/fpu/libc_nano.a(lib_a-memmove.o)
 .data          0x0000000000000000        0x0 /usr/local/gcc_arm/gcc-arm-none-eabi-4_9-2015q3/bin/../lib/gcc/arm-none-eabi/4.9.3/../../../../arm-none-eabi/lib/armv7e-m/fpu/libc_nano.a(lib_a-memmove.o)
 .bss           0x0000000000000000        0x0 /usr/local/gcc_arm/gcc-arm-none-eabi-4_9-2015q3/bin/../lib/gcc/arm-none-eabi/4.9.3/../../../../arm-none-eabi/lib/armv7e-m/fpu/libc_nano.a(lib_a-memmove.o)
 .text          0x0000000000000000        0x0 /usr/local/gcc_arm/gcc-arm-none-eabi-4_9-2015q3/bin/../lib/gcc/arm-none-eabi/4.9.3/../../../../arm-none-eabi/lib/armv7e-m/fpu/libc_nano.a(lib_a-strlen.o)
 .data          0x0000000000000000        0x0 /usr/local/gcc_arm/gcc-arm-none-eabi-4_9-2015q3/bin/../lib/gcc/arm-none-eabi/4.9.3/../../../../arm-none-eabi/lib/armv7e-m/fpu/libc_nano.a(lib_a-strlen.o)
 .bss           0x0000000000000000        0x0 /usr/local/gcc_arm/gcc-arm-none-eabi-4_9-2015q3/bin/../lib/gcc/arm-none-eabi/4.9.3/../../../../arm-none-eabi/lib/armv7e-m/fpu/libc_nano.a(lib_a-strlen.o)
 .text          0x0000000000000000        0x0 /usr/local/gcc_arm/gcc-arm-none-eabi-4_9-2015q3/bin/../lib/gcc/arm-none-eabi/4.9.3/armv7e-m/fpu/crtend.o
 .data          0x0000000000000000        0x0 /usr/local/gcc_arm/gcc-arm-none-eabi-4_9-2015q3/bin/../lib/gcc/arm-none-eabi/4.9.3/armv7e-m/fpu/crtend.o
 .bss           0x0000000000000000        0x0 /usr/local/gcc_arm/gcc-arm-none-eabi-4_9-2015q3/bin/../lib/gcc/arm-none-eabi/4.9.3/armv7e-m/fpu/crtend.o
 .eh_frame      0x0000000000000000        0x4 /usr/local/gcc_arm/gcc-arm-none-eabi-4_9-2015q3/bin/../lib/gcc/arm-none-eabi/4.9.3/armv7e-m/fpu/crtend.o
 .jcr           0x0000000000000000        0x4 /usr/local/gcc_arm/gcc-arm-none-eabi-4_9-2015q3/bin/../lib/gcc/arm-none-eabi/4.9.3/armv7e-m/fpu/crtend.o
 .ARM.attributes
                0x0000000000000000       0x34 /usr/local/gcc_arm/gcc-arm-none-eabi-4_9-2015q3/bin/../lib/gcc/arm-none-eabi/4.9.3/armv7e-m/fpu/crtend.o
 .text          0x0000000000000000        0x0 /usr/local/gcc_arm/gcc-arm-none-eabi-4_9-2015q3/bin/../lib/gcc/arm-none-eabi/4.9.3/armv7e-m/fpu/crtn.o
 .data          0x0000000000000000        0x0 /usr/local/gcc_arm/gcc-arm-none-eabi-4_9-2015q3/bin/../lib/gcc/arm-none-eabi/4.9.3/armv7e-m/fpu/crtn.o
 .bss           0x0000000000000000        0x0 /usr/local/gcc_arm/gcc-arm-none-eabi-4_9-2015q3/bin/../lib/gcc/arm-none-eabi/4.9.3/armv7e-m/fpu/crtn.o

Memory Configuration

Name             Origin             Length             Attributes
FLASH            0x000000000001f000 0x0000000000061000 xr
RAM              0x0000000020002800 0x0000000000005800 xrw
*default*        0x0000000000000000 0xffffffffffffffff

Linker script and memory map

LOAD /usr/local/gcc_arm/gcc-arm-none-eabi-4_9-2015q3/bin/../lib/gcc/arm-none-eabi/4.9.3/armv7e-m/fpu/crti.o
LOAD /usr/local/gcc_arm/gcc-arm-none-eabi-4_9-2015q3/bin/../lib/gcc/arm-none-eabi/4.9.3/armv7e-m/fpu/crtbegin.o
LOAD /usr/local/gcc_arm/gcc-arm-none-eabi-4_9-2015q3/bin/../lib/gcc/arm-none-eabi/4.9.3/../../../../arm-none-eabi/lib/armv7e-m/fpu/crt0.o
LOAD /usr/local/gcc_arm/gcc-arm-none-eabi-4_9-2015q3/bin/../lib/gcc/arm-none-eabi/4.9.3/../../../../arm-none-eabi/lib/armv7e-m/fpu/libc_nano.a
LOAD /usr/local/gcc_arm/gcc-arm-none-eabi-4_9-2015q3/bin/../lib/gcc/arm-none-eabi/4.9.3/../../../../arm-none-eabi/lib/armv7e-m/fpu/libnosys.a
LOAD _build/app_button.o
LOAD _build/app_error.o
LOAD _build/app_fifo.o
LOAD _build/app_timer.o
LOAD _build/app_trace.o
LOAD _build/nrf_assert.o
LOAD _build/retarget.o
LOAD _build/sensorsim.o
LOAD _build/app_uart_fifo.o
LOAD _build/nrf_delay.o
LOAD _build/nrf_drv_common.o
LOAD _build/nrf_drv_gpiote.o
LOAD _build/nrf_drv_uart.o
LOAD _build/pstorage.o
LOAD _build/bsp.o
LOAD _build/bsp_btn_ble.o
LOAD _build/main.o
LOAD _build/ble_advdata.o
LOAD _build/ble_advertising.o
LOAD _build/ble_bas.o
LOAD _build/ble_conn_params.o
LOAD _build/ble_dis.o
LOAD _build/ble_hrs.o
LOAD _build/ble_srv_common.o
LOAD _build/device_manager_peripheral.o
LOAD _build/system_nrf52.o
LOAD _build/softdevice_handler.o
LOAD _build/gcc_startup_nrf52.o
START GROUP
LOAD /usr/local/gcc_arm/gcc-arm-none-eabi-4_9-2015q3/bin/../lib/gcc/arm-none-eabi/4.9.3/armv7e-m/fpu/libgcc.a
LOAD /usr/local/gcc_arm/gcc-arm-none-eabi-4_9-2015q3/bin/../lib/gcc/arm-none-eabi/4.9.3/../../../../arm-none-eabi/lib/armv7e-m/fpu/libc_nano.a
END GROUP
START GROUP
LOAD /usr/local/gcc_arm/gcc-arm-none-eabi-4_9-2015q3/bin/../lib/gcc/arm-none-eabi/4.9.3/armv7e-m/fpu/libgcc.a
LOAD /usr/local/gcc_arm/gcc-arm-none-eabi-4_9-2015q3/bin/../lib/gcc/arm-none-eabi/4.9.3/../../../../arm-none-eabi/lib/armv7e-m/fpu/libc_nano.a
END GROUP
LOAD /usr/local/gcc_arm/gcc-arm-none-eabi-4_9-2015q3/bin/../lib/gcc/arm-none-eabi/4.9.3/armv7e-m/fpu/crtend.o
LOAD /usr/local/gcc_arm/gcc-arm-none-eabi-4_9-2015q3/bin/../lib/gcc/arm-none-eabi/4.9.3/armv7e-m/fpu/crtn.o
START GROUP
LOAD /usr/local/gcc_arm/gcc-arm-none-eabi-4_9-2015q3/bin/../lib/gcc/arm-none-eabi/4.9.3/armv7e-m/fpu/libgcc.a
LOAD /usr/local/gcc_arm/gcc-arm-none-eabi-4_9-2015q3/bin/../lib/gcc/arm-none-eabi/4.9.3/../../../../arm-none-eabi/lib/armv7e-m/fpu/libc.a
LOAD /usr/local/gcc_arm/gcc-arm-none-eabi-4_9-2015q3/bin/../lib/gcc/arm-none-eabi/4.9.3/../../../../arm-none-eabi/lib/armv7e-m/fpu/libnosys.a
END GROUP

.text           0x000000000001f000     0x7c58
 *(.Vectors)
 .Vectors       0x000000000001f000      0x400 _build/gcc_startup_nrf52.o
                0x000000000001f000                __Vectors
 *(.text*)
 .text          0x000000000001f400       0x74 /usr/local/gcc_arm/gcc-arm-none-eabi-4_9-2015q3/bin/../lib/gcc/arm-none-eabi/4.9.3/../../../../arm-none-eabi/lib/armv7e-m/fpu/crt0.o
                0x000000000001f400                _mainCRTStartup
                0x000000000001f400                _start
 .text.exit     0x000000000001f474       0x28 /usr/local/gcc_arm/gcc-arm-none-eabi-4_9-2015q3/bin/../lib/gcc/arm-none-eabi/4.9.3/../../../../arm-none-eabi/lib/armv7e-m/fpu/libc_nano.a(lib_a-exit.o)
                0x000000000001f474                exit
 .text.__libc_init_array
                0x000000000001f49c       0x4c /usr/local/gcc_arm/gcc-arm-none-eabi-4_9-2015q3/bin/../lib/gcc/arm-none-eabi/4.9.3/../../../../arm-none-eabi/lib/armv7e-m/fpu/libc_nano.a(lib_a-init.o)
                0x000000000001f49c                __libc_init_array
 .text.memset   0x000000000001f4e8       0x10 /usr/local/gcc_arm/gcc-arm-none-eabi-4_9-2015q3/bin/../lib/gcc/arm-none-eabi/4.9.3/../../../../arm-none-eabi/lib/armv7e-m/fpu/libc_nano.a(lib_a-memset.o)
                0x000000000001f4e8                memset
 .text._exit    0x000000000001f4f8        0x4 /usr/local/gcc_arm/gcc-arm-none-eabi-4_9-2015q3/bin/../lib/gcc/arm-none-eabi/4.9.3/../../../../arm-none-eabi/lib/armv7e-m/fpu/libnosys.a(_exit.o)
                0x000000000001f4f8                _exit
 .text.detection_delay_timeout_handler
                0x000000000001f4fc       0xa4 _build/app_button.o
 .text.gpiote_event_handler
                0x000000000001f5a0       0x60 _build/app_button.o
 .text.app_button_init
                0x000000000001f600       0xb0 _build/app_button.o
                0x000000000001f600                app_button_init
 .text.app_button_enable
                0x000000000001f6b0       0x2c _build/app_button.o
                0x000000000001f6b0                app_button_enable
 .text.app_error_handler
                0x000000000001f6dc       0x20 _build/app_error.o
                0x000000000001f6dc                app_error_handler
 .text.rtc1_stop
                0x000000000001f6fc      0x134 _build/app_timer.o
 .text.RTC1_IRQHandler
                0x000000000001f830       0xd8 _build/app_timer.o
                0x000000000001f830                RTC1_IRQHandler
 .text.SWI0_EGU0_IRQHandler
                0x000000000001f908      0x508 _build/app_timer.o
                0x000000000001f908                SWI0_EGU0_IRQHandler
 .text.app_timer_init
                0x000000000001fe10      0x10c _build/app_timer.o
                0x000000000001fe10                app_timer_init
 .text.app_timer_create
                0x000000000001ff1c       0x5c _build/app_timer.o
                0x000000000001ff1c                app_timer_create
 .text.app_timer_start
                0x000000000001ff78       0xf0 _build/app_timer.o
                0x000000000001ff78                app_timer_start
 .text.app_timer_stop
                0x0000000000020068       0xc4 _build/app_timer.o
                0x0000000000020068                app_timer_stop
 .text.sensorsim_init
                0x000000000002012c       0x1c _build/sensorsim.o
                0x000000000002012c                sensorsim_init
 .text.sensorsim_measure
                0x0000000000020148       0x4c _build/sensorsim.o
                0x0000000000020148                sensorsim_measure
 .text.nrf_drv_common_irq_enable
                0x0000000000020194       0x50 _build/nrf_drv_common.o
                0x0000000000020194                nrf_drv_common_irq_enable
 .text.nrf_drv_gpiote_init
                0x00000000000201e4       0x6c _build/nrf_drv_gpiote.o
                0x00000000000201e4                nrf_drv_gpiote_init
 .text.nrf_drv_gpiote_is_init
                0x0000000000020250       0x10 _build/nrf_drv_gpiote.o
                0x0000000000020250                nrf_drv_gpiote_is_init
 .text.nrf_drv_gpiote_in_init
                0x0000000000020260      0x1e4 _build/nrf_drv_gpiote.o
                0x0000000000020260                nrf_drv_gpiote_in_init
 .text.nrf_drv_gpiote_in_event_enable
                0x0000000000020444       0xb4 _build/nrf_drv_gpiote.o
                0x0000000000020444                nrf_drv_gpiote_in_event_enable
 .text.nrf_drv_gpiote_in_is_set
                0x00000000000204f8       0x14 _build/nrf_drv_gpiote.o
                0x00000000000204f8                nrf_drv_gpiote_in_is_set
 .text.GPIOTE_IRQHandler
                0x000000000002050c      0x4cc _build/nrf_drv_gpiote.o
                0x000000000002050c                GPIOTE_IRQHandler
 .text.UARTE0_UART0_IRQHandler
                0x00000000000209d8      0x234 _build/nrf_drv_uart.o
                0x00000000000209d8                UARTE0_UART0_IRQHandler
 .text.sd_flash_write
                0x0000000000020c0c        0x4 _build/pstorage.o
 .text.sd_flash_page_erase
                0x0000000000020c10        0x4 _build/pstorage.o
 .text.flash_api_err_code_process
                0x0000000000020c14       0x60 _build/pstorage.o
 .text.state_entry_action_run
                0x0000000000020c74      0x180 _build/pstorage.o
 .text.clear_operation_execute
                0x0000000000020df4      0x160 _build/pstorage.o
 .text.unlikely.cmd_queue_enqueue
                0x0000000000020f54       0x98 _build/pstorage.o
 .text.tail_restore_state_run
                0x0000000000020fec       0xc4 _build/pstorage.o
 .text.state_restore_head_entry_run
                0x00000000000210b0       0x98 _build/pstorage.o
 .text.state_write_data_swap_entry_run
                0x0000000000021148       0x94 _build/pstorage.o
 .text.data_to_swap_write_state_run
                0x00000000000211dc       0xac _build/pstorage.o
 .text.state_restore_tail_entry_run
                0x0000000000021288       0xa8 _build/pstorage.o
 .text.state_erase_data_page_entry_run
                0x0000000000021330       0x74 _build/pstorage.o
 .text.swap_erase_state_run
                0x00000000000213a4       0xc0 _build/pstorage.o
 .text.state_swap_erase_entry_run
                0x0000000000021464       0x84 _build/pstorage.o
 .text.store_cmd_flash_write_execute
                0x00000000000214e8      0x120 _build/pstorage.o
 .text.head_restore_state_run
                0x0000000000021608      0x1e8 _build/pstorage.o
 .text.data_page_erase_state_run
                0x00000000000217f0      0x240 _build/pstorage.o
 .text.command_end_procedure_run
                0x0000000000021a30       0xc4 _build/pstorage.o
 .text.pstorage_sys_event_handler
                0x0000000000021af4      0x1c8 _build/pstorage.o
                0x0000000000021af4                pstorage_sys_event_handler
 .text.pstorage_init
                0x0000000000021cbc      0x13c _build/pstorage.o
                0x0000000000021cbc                pstorage_init
 .text.pstorage_register
                0x0000000000021df8       0xb8 _build/pstorage.o
                0x0000000000021df8                pstorage_register
 .text.pstorage_block_identifier_get
                0x0000000000021eb0       0x54 _build/pstorage.o
                0x0000000000021eb0                pstorage_block_identifier_get
 .text.pstorage_store
                0x0000000000021f04       0x78 _build/pstorage.o
                0x0000000000021f04                pstorage_store
 .text.pstorage_update
                0x0000000000021f7c       0x78 _build/pstorage.o
                0x0000000000021f7c                pstorage_update
 .text.pstorage_load
                0x0000000000021ff4       0xa0 _build/pstorage.o
                0x0000000000021ff4                pstorage_load
 .text.pstorage_clear
                0x0000000000022094       0x84 _build/pstorage.o
                0x0000000000022094                pstorage_clear
 .text.pstorage_access_status_get
                0x0000000000022118       0x24 _build/pstorage.o
                0x0000000000022118                pstorage_access_status_get
 .text.alert_timer_handler
                0x000000000002213c       0x1c _build/bsp.o
 .text.bsp_button_event_handler
                0x0000000000022158       0xc8 _build/bsp.o
 .text.leds_timer_handler
                0x0000000000022220      0x37c _build/bsp.o
 .text.button_timer_handler
                0x000000000002259c       0x44 _build/bsp.o
 .text.bsp_button_is_pressed
                0x00000000000225e0       0x30 _build/bsp.o
                0x00000000000225e0                bsp_button_is_pressed
 .text.bsp_indication_set
                0x0000000000022610      0x3b4 _build/bsp.o
                0x0000000000022610                bsp_indication_set
 .text.bsp_init
                0x00000000000229c4       0xbc _build/bsp.o
                0x00000000000229c4                bsp_init
 .text.bsp_event_to_button_action_assign
                0x0000000000022a80       0x50 _build/bsp.o
                0x0000000000022a80                bsp_event_to_button_action_assign
 .text.bsp_wakeup_buttons_set
                0x0000000000022ad0       0x88 _build/bsp.o
                0x0000000000022ad0                bsp_wakeup_buttons_set
 .text.bsp_btn_ble_sleep_mode_prepare
                0x0000000000022b58       0x14 _build/bsp_btn_ble.o
                0x0000000000022b58                bsp_btn_ble_sleep_mode_prepare
 .text.bsp_btn_ble_on_ble_evt
                0x0000000000022b6c       0xb0 _build/bsp_btn_ble.o
                0x0000000000022b6c                bsp_btn_ble_on_ble_evt
 .text.bsp_btn_ble_init
                0x0000000000022c1c       0x8c _build/bsp_btn_ble.o
                0x0000000000022c1c                bsp_btn_ble_init
 .text.sd_ble_gap_disconnect
                0x0000000000022ca8        0x4 _build/main.o
 .text.sd_ble_gap_appearance_set
                0x0000000000022cac        0x4 _build/main.o
 .text.sd_ble_gap_ppcp_set
                0x0000000000022cb0        0x4 _build/main.o
 .text.sd_ble_gap_device_name_set
                0x0000000000022cb4        0x4 _build/main.o
 .text.sd_ble_enable
                0x0000000000022cb8        0x4 _build/main.o
 .text.sd_power_system_off
                0x0000000000022cbc        0x4 _build/main.o
 .text.sd_app_evt_wait
                0x0000000000022cc0        0x4 _build/main.o
 .text.conn_params_error_handler
                0x0000000000022cc4        0x8 _build/main.o
 .text.sensor_contact_detected_timeout_handler
                0x0000000000022ccc       0x1c _build/main.o
 .text.heart_rate_meas_timeout_handler
                0x0000000000022ce8       0x6c _build/main.o
 .text.battery_level_meas_timeout_handler
                0x0000000000022d54       0x44 _build/main.o
 .text.sys_evt_dispatch
                0x0000000000022d98       0x14 _build/main.o
 .text.device_manager_evt_handler
                0x0000000000022dac       0x18 _build/main.o
 .text.on_conn_params_evt
                0x0000000000022dc4       0x28 _build/main.o
 .text.ble_evt_dispatch
                0x0000000000022dec       0x6c _build/main.o
 .text.bsp_event_handler
                0x0000000000022e58       0x68 _build/main.o
                0x0000000000022e58                bsp_event_handler
 .text.rr_interval_timeout_handler
                0x0000000000022ec0       0x30 _build/main.o
 .text.on_adv_evt
                0x0000000000022ef0       0x48 _build/main.o
 .text.assert_nrf_callback
                0x0000000000022f38       0x10 _build/main.o
                0x0000000000022f38                assert_nrf_callback
 .text.startup.main
                0x0000000000022f48      0x520 _build/main.o
                0x0000000000022f48                main
 .text.sd_ble_gap_address_get
                0x0000000000023468        0x4 _build/ble_advdata.o
 .text.sd_ble_gap_adv_data_set
                0x000000000002346c        0x4 _build/ble_advdata.o
 .text.sd_ble_gap_appearance_get
                0x0000000000023470        0x4 _build/ble_advdata.o
 .text.sd_ble_gap_device_name_get
                0x0000000000023474        0x4 _build/ble_advdata.o
 .text.sd_ble_uuid_encode
                0x0000000000023478        0x4 _build/ble_advdata.o
 .text.name_encode
                0x000000000002347c       0x90 _build/ble_advdata.o
 .text.uuid_list_sized_encode
                0x000000000002350c       0xc0 _build/ble_advdata.o
 .text.adv_data_encode
                0x00000000000235cc      0x554 _build/ble_advdata.o
                0x00000000000235cc                adv_data_encode
 .text.ble_advdata_set
                0x0000000000023b20      0x5b8 _build/ble_advdata.o
                0x0000000000023b20                ble_advdata_set
 .text.sd_ble_gap_adv_start
                0x00000000000240d8        0x4 _build/ble_advertising.o
 .text.sd_ble_gap_adv_stop
                0x00000000000240dc        0x4 _build/ble_advertising.o
 .text.ble_advertising_init
                0x00000000000240e0      0x188 _build/ble_advertising.o
                0x00000000000240e0                ble_advertising_init
 .text.ble_advertising_start
                0x0000000000024268      0x2d0 _build/ble_advertising.o
                0x0000000000024268                ble_advertising_start
 .text.ble_advertising_on_ble_evt
                0x0000000000024538       0xb8 _build/ble_advertising.o
                0x0000000000024538                ble_advertising_on_ble_evt
 .text.ble_advertising_on_sys_evt
                0x00000000000245f0      0x2f4 _build/ble_advertising.o
                0x00000000000245f0                ble_advertising_on_sys_evt
 .text.ble_advertising_restart_without_whitelist
                0x00000000000248e4      0x300 _build/ble_advertising.o
                0x00000000000248e4                ble_advertising_restart_without_whitelist
 .text.sd_ble_gatts_service_add
                0x0000000000024be4        0x4 _build/ble_bas.o
 .text.sd_ble_gatts_characteristic_add
                0x0000000000024be8        0x4 _build/ble_bas.o
 .text.sd_ble_gatts_descriptor_add
                0x0000000000024bec        0x4 _build/ble_bas.o
 .text.sd_ble_gatts_value_set
                0x0000000000024bf0        0x4 _build/ble_bas.o
 .text.sd_ble_gatts_hvx
                0x0000000000024bf4        0x4 _build/ble_bas.o
 .text.ble_bas_on_ble_evt
                0x0000000000024bf8       0x54 _build/ble_bas.o
                0x0000000000024bf8                ble_bas_on_ble_evt
 .text.ble_bas_init
                0x0000000000024c4c      0x1a8 _build/ble_bas.o
                0x0000000000024c4c                ble_bas_init
 .text.ble_bas_battery_level_update
                0x0000000000024df4       0x88 _build/ble_bas.o
                0x0000000000024df4                ble_bas_battery_level_update
 .text.sd_ble_gap_conn_param_update
                0x0000000000024e7c        0x4 _build/ble_conn_params.o
 .text.sd_ble_gap_disconnect
                0x0000000000024e80        0x4 _build/ble_conn_params.o
 .text.sd_ble_gap_ppcp_set
                0x0000000000024e84        0x4 _build/ble_conn_params.o
 .text.sd_ble_gap_ppcp_get
                0x0000000000024e88        0x4 _build/ble_conn_params.o
 .text.update_timeout_handler
                0x0000000000024e8c       0x74 _build/ble_conn_params.o
 .text.conn_params_negotiation
                0x0000000000024f00       0x94 _build/ble_conn_params.o
 .text.ble_conn_params_init
                0x0000000000024f94       0x74 _build/ble_conn_params.o
                0x0000000000024f94                ble_conn_params_init
 .text.ble_conn_params_on_ble_evt
                0x0000000000025008       0xbc _build/ble_conn_params.o
                0x0000000000025008                ble_conn_params_on_ble_evt
 .text.sd_ble_gatts_service_add
                0x00000000000250c4        0x4 _build/ble_dis.o
 .text.sd_ble_gatts_characteristic_add
                0x00000000000250c8        0x4 _build/ble_dis.o
 .text.char_add
                0x00000000000250cc       0xbc _build/ble_dis.o
 .text.ble_dis_init
                0x0000000000025188      0x2d8 _build/ble_dis.o
                0x0000000000025188                ble_dis_init
 .text.sd_ble_gatts_service_add
                0x0000000000025460        0x4 _build/ble_hrs.o
 .text.sd_ble_gatts_characteristic_add
                0x0000000000025464        0x4 _build/ble_hrs.o
 .text.sd_ble_gatts_hvx
                0x0000000000025468        0x4 _build/ble_hrs.o
 .text.ble_hrs_on_ble_evt
                0x000000000002546c       0x50 _build/ble_hrs.o
                0x000000000002546c                ble_hrs_on_ble_evt
 .text.ble_hrs_init
                0x00000000000254bc      0x300 _build/ble_hrs.o
                0x00000000000254bc                ble_hrs_init
 .text.ble_hrs_heart_rate_measurement_send
                0x00000000000257bc      0x11c _build/ble_hrs.o
                0x00000000000257bc                ble_hrs_heart_rate_measurement_send
 .text.ble_hrs_rr_interval_add
                0x00000000000258d8       0x34 _build/ble_hrs.o
                0x00000000000258d8                ble_hrs_rr_interval_add
 .text.ble_hrs_sensor_contact_detected_update
                0x000000000002590c        0x8 _build/ble_hrs.o
                0x000000000002590c                ble_hrs_sensor_contact_detected_update
 .text.ble_srv_report_ref_encode
                0x0000000000025914        0xc _build/ble_srv_common.o
                0x0000000000025914                ble_srv_report_ref_encode
 .text.ble_srv_ascii_to_utf8
                0x0000000000025920       0x14 _build/ble_srv_common.o
                0x0000000000025920                ble_srv_ascii_to_utf8
 .text.sd_ble_gap_sec_params_reply
                0x0000000000025934        0x4 _build/device_manager_peripheral.o
 .text.sd_ble_gap_sec_info_reply
                0x0000000000025938        0x4 _build/device_manager_peripheral.o
 .text.sd_ble_gatts_service_changed
                0x000000000002593c        0x4 _build/device_manager_peripheral.o
 .text.sd_ble_gatts_sys_attr_set
                0x0000000000025940        0x4 _build/device_manager_peripheral.o
 .text.sd_ble_gatts_sys_attr_get
                0x0000000000025944        0x4 _build/device_manager_peripheral.o
 .text.storage_operation_dummy_handler
                0x0000000000025948        0x4 _build/device_manager_peripheral.o
 .text.no_service_context_store
                0x000000000002594c        0x4 _build/device_manager_peripheral.o
 .text.gattc_context_store
                0x0000000000025950        0x4 _build/device_manager_peripheral.o
 .text.no_service_context_load
                0x0000000000025954        0x4 _build/device_manager_peripheral.o
 .text.gattc_context_load
                0x0000000000025958        0x4 _build/device_manager_peripheral.o
 .text.no_service_context_apply
                0x000000000002595c        0x4 _build/device_manager_peripheral.o
 .text.gattc_context_apply
                0x0000000000025960        0x4 _build/device_manager_peripheral.o
 .text.gatts_context_apply
                0x0000000000025964       0xe4 _build/device_manager_peripheral.o
 .text.gatts_context_store
                0x0000000000025a48       0xd8 _build/device_manager_peripheral.o
 .text.gatts_context_load
                0x0000000000025b20       0x34 _build/device_manager_peripheral.o
 .text.dm_pstorage_cb_handler
                0x0000000000025b54      0x174 _build/device_manager_peripheral.o
 .text.gattsc_context_load
                0x0000000000025cc8       0x34 _build/device_manager_peripheral.o
 .text.gattsc_context_apply
                0x0000000000025cfc       0xd0 _build/device_manager_peripheral.o
 .text.gattsc_context_store
                0x0000000000025dcc       0xd8 _build/device_manager_peripheral.o
 .text.dm_init  0x0000000000025ea4      0x148 _build/device_manager_peripheral.o
                0x0000000000025ea4                dm_init
 .text.dm_register
                0x0000000000025fec       0x74 _build/device_manager_peripheral.o
                0x0000000000025fec                dm_register
 .text.bond_data_load
                0x0000000000026060       0x4c _build/device_manager_peripheral.o
                0x0000000000026060                bond_data_load
 .text.dm_ble_evt_handler
                0x00000000000260ac      0x74c _build/device_manager_peripheral.o
                0x00000000000260ac                dm_ble_evt_handler
 .text.SystemInit
                0x00000000000267f8      0x144 _build/system_nrf52.o
                0x00000000000267f8                SystemInit
 .text.sd_nvic_EnableIRQ
                0x000000000002693c        0x4 _build/softdevice_handler.o
 .text.sd_evt_get
                0x0000000000026940        0x4 _build/softdevice_handler.o
 .text.sd_softdevice_enable
                0x0000000000026944        0x4 _build/softdevice_handler.o
 .text.sd_ble_evt_get
                0x0000000000026948        0x4 _build/softdevice_handler.o
 .text.softdevice_assertion_handler
                0x000000000002694c        0xc _build/softdevice_handler.o
                0x000000000002694c                softdevice_assertion_handler
 .text.intern_softdevice_events_execute.part.0
                0x0000000000026958       0xd0 _build/softdevice_handler.o
 .text.softdevice_handler_init
                0x0000000000026a28       0x48 _build/softdevice_handler.o
                0x0000000000026a28                softdevice_handler_init
 .text.softdevice_ble_evt_handler_set
                0x0000000000026a70       0x14 _build/softdevice_handler.o
                0x0000000000026a70                softdevice_ble_evt_handler_set
 .text.softdevice_sys_evt_handler_set
                0x0000000000026a84       0x14 _build/softdevice_handler.o
                0x0000000000026a84                softdevice_sys_evt_handler_set
 .text.SWI2_EGU2_IRQHandler
                0x0000000000026a98       0x34 _build/softdevice_handler.o
                0x0000000000026a98                SWI2_EGU2_IRQHandler
 .text          0x0000000000026acc       0x44 _build/gcc_startup_nrf52.o
                0x0000000000026acc                Reset_Handler
                0x0000000000026afc                NMI_Handler
                0x0000000000026afe                HardFault_Handler
                0x0000000000026b00                MemoryManagement_Handler
                0x0000000000026b02                BusFault_Handler
                0x0000000000026b04                UsageFault_Handler
                0x0000000000026b06                SVC_Handler
                0x0000000000026b08                PendSV_Handler
                0x0000000000026b0a                SysTick_Handler
                0x0000000000026b0c                SPIM0_SPIS0_TWIM0_TWIS0_SPI0_TWI0_IRQHandler
                0x0000000000026b0c                TIMER4_IRQHandler
                0x0000000000026b0c                I2S_IRQHandler
                0x0000000000026b0c                SWI4_EGU4_IRQHandler
                0x0000000000026b0c                TIMER0_IRQHandler
                0x0000000000026b0c                TIMER1_IRQHandler
                0x0000000000026b0c                PWM2_IRQHandler
                0x0000000000026b0c                ECB_IRQHandler
                0x0000000000026b0c                SPIM1_SPIS1_TWIM1_TWIS1_SPI1_TWI1_IRQHandler
                0x0000000000026b0c                Default_Handler
                0x0000000000026b0c                SAADC_IRQHandler
                0x0000000000026b0c                CCM_AAR_IRQHandler
                0x0000000000026b0c                WDT_IRQHandler
                0x0000000000026b0c                SWI5_EGU5_IRQHandler
                0x0000000000026b0c                RNG_IRQHandler
                0x0000000000026b0c                RTC2_IRQHandler
                0x0000000000026b0c                PWM0_IRQHandler
                0x0000000000026b0c                SWI3_EGU3_IRQHandler
                0x0000000000026b0c                SWI1_EGU1_IRQHandler
                0x0000000000026b0c                SPIM2_SPIS2_SPI2_IRQHandler
                0x0000000000026b0c                NFCT_IRQHandler
                0x0000000000026b0c                MWU_IRQHandler
                0x0000000000026b0c                TIMER2_IRQHandler
                0x0000000000026b0c                COMP_LPCOMP_IRQHandler
                0x0000000000026b0c                RTC0_IRQHandler
                0x0000000000026b0c                PWM1_IRQHandler
                0x0000000000026b0c                POWER_CLOCK_IRQHandler
                0x0000000000026b0c                RADIO_IRQHandler
                0x0000000000026b0c                PDM_IRQHandler
                0x0000000000026b0c                TEMP_IRQHandler
                0x0000000000026b0c                QDEC_IRQHandler
                0x0000000000026b0c                TIMER3_IRQHandler
 .text.memcmp   0x0000000000026b10       0x20 /usr/local/gcc_arm/gcc-arm-none-eabi-4_9-2015q3/bin/../lib/gcc/arm-none-eabi/4.9.3/../../../../arm-none-eabi/lib/armv7e-m/fpu/libc_nano.a(lib_a-memcmp.o)
                0x0000000000026b10                memcmp
 .text.memcpy   0x0000000000026b30       0x16 /usr/local/gcc_arm/gcc-arm-none-eabi-4_9-2015q3/bin/../lib/gcc/arm-none-eabi/4.9.3/../../../../arm-none-eabi/lib/armv7e-m/fpu/libc_nano.a(lib_a-memcpy.o)
                0x0000000000026b30                memcpy
 .text.memmove  0x0000000000026b46       0x36 /usr/local/gcc_arm/gcc-arm-none-eabi-4_9-2015q3/bin/../lib/gcc/arm-none-eabi/4.9.3/../../../../arm-none-eabi/lib/armv7e-m/fpu/libc_nano.a(lib_a-memmove.o)
                0x0000000000026b46                memmove
 .text.strlen   0x0000000000026b7c       0x10 /usr/local/gcc_arm/gcc-arm-none-eabi-4_9-2015q3/bin/../lib/gcc/arm-none-eabi/4.9.3/../../../../arm-none-eabi/lib/armv7e-m/fpu/libc_nano.a(lib_a-strlen.o)
                0x0000000000026b7c                strlen
 *(.init)
 .init          0x0000000000026b8c        0x4 /usr/local/gcc_arm/gcc-arm-none-eabi-4_9-2015q3/bin/../lib/gcc/arm-none-eabi/4.9.3/armv7e-m/fpu/crti.o
                0x0000000000026b8c                _init
 .init          0x0000000000026b90        0x8 /usr/local/gcc_arm/gcc-arm-none-eabi-4_9-2015q3/bin/../lib/gcc/arm-none-eabi/4.9.3/armv7e-m/fpu/crtn.o
 *(.fini)
 .fini          0x0000000000026b98        0x4 /usr/local/gcc_arm/gcc-arm-none-eabi-4_9-2015q3/bin/../lib/gcc/arm-none-eabi/4.9.3/armv7e-m/fpu/crti.o
                0x0000000000026b98                _fini
 .fini          0x0000000000026b9c        0x8 /usr/local/gcc_arm/gcc-arm-none-eabi-4_9-2015q3/bin/../lib/gcc/arm-none-eabi/4.9.3/armv7e-m/fpu/crtn.o
 *crtbegin.o(.ctors)
 *crtbegin?.o(.ctors)
 *(EXCLUDE_FILE(*crtend.o *crtend?.o) .ctors)
 *(SORT(.ctors.*))
 *(.ctors)
 *crtbegin.o(.dtors)
 *crtbegin?.o(.dtors)
 *(EXCLUDE_FILE(*crtend.o *crtend?.o) .dtors)
 *(SORT(.dtors.*))
 *(.dtors)
 *(.rodata*)
 .rodata.str1.1
                0x0000000000026ba4        0x2 /usr/local/gcc_arm/gcc-arm-none-eabi-4_9-2015q3/bin/../lib/gcc/arm-none-eabi/4.9.3/../../../../arm-none-eabi/lib/armv7e-m/fpu/libc_nano.a(lib_a-impure.o)
 *fill*         0x0000000000026ba6        0x2 
 .rodata._global_impure_ptr
                0x0000000000026ba8        0x4 /usr/local/gcc_arm/gcc-arm-none-eabi-4_9-2015q3/bin/../lib/gcc/arm-none-eabi/4.9.3/../../../../arm-none-eabi/lib/armv7e-m/fpu/libc_nano.a(lib_a-impure.o)
                0x0000000000026ba8                _global_impure_ptr
 .rodata.swap_sub_state_sm_lut.6952
                0x0000000000026bac       0x14 _build/pstorage.o
 .rodata.swap_sub_state_sm_lut.7027
                0x0000000000026bc0       0x14 _build/pstorage.o
 .rodata.m_buttons_list
                0x0000000000026bd4       0x10 _build/bsp.o
 .rodata.app_buttons
                0x0000000000026be4       0x20 _build/bsp.o
 .rodata.str1.4
                0x0000000000026c04       0x20 _build/main.o
 .rodata.m_service_context_store
                0x0000000000026c24       0x10 _build/device_manager_peripheral.o
                0x0000000000026c24                m_service_context_store
 .rodata.m_service_context_load
                0x0000000000026c34       0x10 _build/device_manager_peripheral.o
                0x0000000000026c34                m_service_context_load
 .rodata.m_service_context_apply
                0x0000000000026c44       0x10 _build/device_manager_peripheral.o
                0x0000000000026c44                m_service_context_apply
 .rodata.m_context_init_len
                0x0000000000026c54        0x4 _build/device_manager_peripheral.o
                0x0000000000026c54                m_context_init_len
 *(.eh_frame*)
                0x0000000000026c58                . = ALIGN (0x4)

.glue_7         0x0000000000026c58        0x0
 .glue_7        0x0000000000000000        0x0 linker stubs

.glue_7t        0x0000000000026c58        0x0
 .glue_7t       0x0000000000000000        0x0 linker stubs

.vfp11_veneer   0x0000000000026c58        0x0
 .vfp11_veneer  0x0000000000000000        0x0 linker stubs

.v4_bx          0x0000000000026c58        0x0
 .v4_bx         0x0000000000000000        0x0 linker stubs

.iplt           0x0000000000026c58        0x0
 .iplt          0x0000000000000000        0x0 /usr/local/gcc_arm/gcc-arm-none-eabi-4_9-2015q3/bin/../lib/gcc/arm-none-eabi/4.9.3/armv7e-m/fpu/crtbegin.o

.ARM.extab      0x0000000000026c58        0x0
 *(.ARM.extab* .gnu.linkonce.armextab.*)
                0x0000000000026c58                . = ALIGN (0x4)
                0x0000000000026c58                __exidx_start = .

.ARM.exidx      0x0000000000026c58        0x8
 *(.ARM.exidx* .gnu.linkonce.armexidx.*)
 .ARM.exidx     0x0000000000026c58        0x8 /usr/local/gcc_arm/gcc-arm-none-eabi-4_9-2015q3/bin/../lib/gcc/arm-none-eabi/4.9.3/../../../../arm-none-eabi/lib/armv7e-m/fpu/crt0.o
 .ARM.exidx     0x0000000000026c60        0x0 _build/gcc_startup_nrf52.o
                                          0x8 (size before relaxing)
                0x0000000000026c60                . = ALIGN (0x4)
                0x0000000000026c60                __exidx_end = .
                0x0000000000026c60                __etext = .

.rel.dyn        0x0000000000026c60        0x0
 .rel.iplt      0x0000000000000000        0x0 /usr/local/gcc_arm/gcc-arm-none-eabi-4_9-2015q3/bin/../lib/gcc/arm-none-eabi/4.9.3/armv7e-m/fpu/crtbegin.o

.data           0x0000000020002800       0x78 load address 0x0000000000026c60
                0x0000000020002800                __data_start__ = .
 *(vtable)
 *(.data*)
 .data.impure_data
                0x0000000020002800       0x60 /usr/local/gcc_arm/gcc-arm-none-eabi-4_9-2015q3/bin/../lib/gcc/arm-none-eabi/4.9.3/../../../../arm-none-eabi/lib/armv7e-m/fpu/libc_nano.a(lib_a-impure.o)
 .data.m_rr_interval_enabled
                0x0000000020002860        0x1 _build/main.o
 *fill*         0x0000000020002861        0x1 
 .data.m_conn_handle
                0x0000000020002862        0x2 _build/main.o
 .data.m_adv_uuids
                0x0000000020002864        0xc _build/main.o
 .data.current_slave_link_conn_handle.8248
                0x0000000020002870        0x2 _build/ble_advertising.o
 *fill*         0x0000000020002872        0x2 
 .data.SystemCoreClock
                0x0000000020002874        0x4 _build/system_nrf52.o
                0x0000000020002874                SystemCoreClock
                0x0000000020002878                . = ALIGN (0x4)
                0x0000000020002878                PROVIDE (__preinit_array_start, .)
 *(.preinit_array)
                0x0000000020002878                PROVIDE (__preinit_array_end, .)
                0x0000000020002878                . = ALIGN (0x4)
                0x0000000020002878                PROVIDE (__init_array_start, .)
 *(SORT(.init_array.*))
 *(.init_array)
                0x0000000020002878                PROVIDE (__init_array_end, .)
                0x0000000020002878                . = ALIGN (0x4)
                0x0000000020002878                PROVIDE (__fini_array_start, .)
 *(SORT(.fini_array.*))
 *(.fini_array)
                0x0000000020002878                PROVIDE (__fini_array_end, .)
 *(.jcr)
                0x0000000020002878                . = ALIGN (0x4)
                0x0000000020002878                __data_end__ = .

.igot.plt       0x0000000020002878        0x0 load address 0x0000000000026cd8
 .igot.plt      0x0000000000000000        0x0 /usr/local/gcc_arm/gcc-arm-none-eabi-4_9-2015q3/bin/../lib/gcc/arm-none-eabi/4.9.3/armv7e-m/fpu/crtbegin.o

.bss            0x0000000020002878      0x93c load address 0x0000000000026cd8
                0x0000000020002878                . = ALIGN (0x4)
                0x0000000020002878                __bss_start__ = .
 *(.bss*)
 .bss.m_detection_delay
                0x0000000020002878        0x4 _build/app_button.o
 .bss.mp_buttons
                0x000000002000287c        0x4 _build/app_button.o
 .bss.m_button_count
                0x0000000020002880        0x1 _build/app_button.o
 *fill*         0x0000000020002881        0x3 
 .bss.m_pin_state
                0x0000000020002884        0x4 _build/app_button.o
 .bss.m_detection_delay_timer_id
                0x0000000020002888        0x4 _build/app_button.o
 .bss.m_pin_transition
                0x000000002000288c        0x4 _build/app_button.o
 .bss.m_ticks_latest
                0x0000000020002890        0x4 _build/app_timer.o
 .bss.m_evt_schedule_func
                0x0000000020002894        0x4 _build/app_timer.o
 .bss.mp_nodes  0x0000000020002898        0x4 _build/app_timer.o
 .bss.m_user_array_size
                0x000000002000289c        0x1 _build/app_timer.o
 *fill*         0x000000002000289d        0x3 
 .bss.mp_users  0x00000000200028a0        0x4 _build/app_timer.o
 .bss.m_ticks_elapsed_q_read_ind
                0x00000000200028a4        0x1 _build/app_timer.o
 .bss.m_ticks_elapsed_q_write_ind
                0x00000000200028a5        0x1 _build/app_timer.o
 .bss.m_node_array_size
                0x00000000200028a6        0x1 _build/app_timer.o
 *fill*         0x00000000200028a7        0x1 
 .bss.m_timer_id_head
                0x00000000200028a8        0x4 _build/app_timer.o
 .bss.m_rtc1_reset
                0x00000000200028ac        0x1 _build/app_timer.o
 *fill*         0x00000000200028ad        0x3 
 .bss.m_ticks_elapsed
                0x00000000200028b0        0x8 _build/app_timer.o
 .bss.m_rtc1_running
                0x00000000200028b8        0x1 _build/app_timer.o
 *fill*         0x00000000200028b9        0x3 
 .bss.m_cb      0x00000000200028bc       0x58 _build/nrf_drv_gpiote.o
 .bss.m_cb      0x0000000020002914       0x18 _build/nrf_drv_uart.o
 .bss.m_cmd_queue
                0x000000002000292c       0xcc _build/pstorage.o
 .bss.m_num_of_bytes_written
                0x00000000200029f8        0x4 _build/pstorage.o
 .bss.m_tail_word_size
                0x00000000200029fc        0x4 _build/pstorage.o
 .bss.m_app_table
                0x0000000020002a00        0xc _build/pstorage.o
 .bss.m_next_app_instance
                0x0000000020002a0c        0x2 _build/pstorage.o
 *fill*         0x0000000020002a0e        0x2 
 .bss.m_next_page_addr
                0x0000000020002a10        0x4 _build/pstorage.o
 .bss.m_flags   0x0000000020002a14        0x4 _build/pstorage.o
 .bss.m_swap_sub_state
                0x0000000020002a18        0x1 _build/pstorage.o
 .bss.m_state   0x0000000020002a19        0x1 _build/pstorage.o
 *fill*         0x0000000020002a1a        0x2 
 .bss.m_app_data_size
                0x0000000020002a1c        0x4 _build/pstorage.o
 .bss.m_num_of_command_retries
                0x0000000020002a20        0x4 _build/pstorage.o
 .bss.m_head_word_size
                0x0000000020002a24        0x4 _build/pstorage.o
 .bss.m_current_page_id
                0x0000000020002a28        0x4 _build/pstorage.o
 .bss.release_event_at_push.7018
                0x0000000020002a2c        0x4 _build/bsp.o
 .bss.m_indication_type
                0x0000000020002a30        0x4 _build/bsp.o
 .bss.m_button_timer_id
                0x0000000020002a34        0x4 _build/bsp.o
 .bss.m_stable_state
                0x0000000020002a38        0x1 _build/bsp.o
 *fill*         0x0000000020002a39        0x3 
 .bss.m_app_ticks_per_100ms
                0x0000000020002a3c        0x4 _build/bsp.o
 .bss.m_alert_timer_id
                0x0000000020002a40        0x4 _build/bsp.o
 .bss.m_registered_callback
                0x0000000020002a44        0x4 _build/bsp.o
 .bss.current_long_push_pin_no.7017
                0x0000000020002a48        0x1 _build/bsp.o
 *fill*         0x0000000020002a49        0x3 
 .bss.m_leds_timer_id
                0x0000000020002a4c        0x4 _build/bsp.o
 .bss.m_events_list
                0x0000000020002a50        0xc _build/bsp.o
 .bss.m_error_handler
                0x0000000020002a5c        0x4 _build/bsp_btn_ble.o
 .bss.m_num_connections
                0x0000000020002a60        0x4 _build/bsp_btn_ble.o
 .bss.m_heart_rate_sim_state
                0x0000000020002a64        0x8 _build/main.o
 .bss.m_rr_interval_sim_state
                0x0000000020002a6c        0x8 _build/main.o
 .bss.sensor_contact_detected.9409
                0x0000000020002a74        0x1 _build/main.o
 *fill*         0x0000000020002a75        0x3 
 .bss.m_battery_sim_state
                0x0000000020002a78        0x8 _build/main.o
 .bss.m_battery_sim_cfg
                0x0000000020002a80       0x10 _build/main.o
 .bss.cnt.9399  0x0000000020002a90        0x4 _build/main.o
 .bss.APP_TIMER_BUF.9414
                0x0000000020002a94      0x330 _build/main.o
 .bss.m_heart_rate_sim_cfg
                0x0000000020002dc4       0x10 _build/main.o
 .bss.m_hrs     0x0000000020002dd4       0x50 _build/main.o
 .bss.m_app_handle
                0x0000000020002e24        0x1 _build/main.o
 *fill*         0x0000000020002e25        0x3 
 .bss.m_rr_interval_timer_id
                0x0000000020002e28        0x4 _build/main.o
 .bss.m_heart_rate_timer_id
                0x0000000020002e2c        0x4 _build/main.o
 .bss.m_battery_timer_id
                0x0000000020002e30        0x4 _build/main.o
 .bss.m_rr_interval_sim_cfg
                0x0000000020002e34       0x10 _build/main.o
 .bss.BLE_EVT_BUFFER.9501
                0x0000000020002e44       0x48 _build/main.o
 .bss.m_sensor_contact_timer_id
                0x0000000020002e8c        0x4 _build/main.o
 .bss.m_bas     0x0000000020002e90       0x18 _build/main.o
 .bss.m_advdata
                0x0000000020002ea8       0x38 _build/ble_advertising.o
 .bss.m_manuf_specific_data
                0x0000000020002ee0        0xc _build/ble_advertising.o
 .bss.m_evt_handler
                0x0000000020002eec        0x4 _build/ble_advertising.o
 .bss.m_manuf_data_array
                0x0000000020002ef0       0x1f _build/ble_advertising.o
 .bss.m_whitelist_temporarily_disabled
                0x0000000020002f0f        0x1 _build/ble_advertising.o
 .bss.m_error_handler
                0x0000000020002f10        0x4 _build/ble_advertising.o
 .bss.m_peer_address
                0x0000000020002f14        0x7 _build/ble_advertising.o
 *fill*         0x0000000020002f1b        0x1 
 .bss.m_adv_modes_config
                0x0000000020002f1c       0x24 _build/ble_advertising.o
 .bss.mp_whitelist_addr
                0x0000000020002f40       0x20 _build/ble_advertising.o
 .bss.m_tx_power_level
                0x0000000020002f60        0x1 _build/ble_advertising.o
 *fill*         0x0000000020002f61        0x3 
 .bss.m_whitelist
                0x0000000020002f64       0x10 _build/ble_advertising.o
 .bss.m_service_data_array
                0x0000000020002f74       0x1f _build/ble_advertising.o
 .bss.m_peer_addr_reply_expected
                0x0000000020002f93        0x1 _build/ble_advertising.o
 .bss.m_whitelist_reply_expected
                0x0000000020002f94        0x1 _build/ble_advertising.o
 *fill*         0x0000000020002f95        0x3 
 .bss.mp_whitelist_irk
                0x0000000020002f98       0x20 _build/ble_advertising.o
 .bss.m_adv_mode_current
                0x0000000020002fb8        0x1 _build/ble_advertising.o
 .bss.m_advertising_start_pending
                0x0000000020002fb9        0x1 _build/ble_advertising.o
 *fill*         0x0000000020002fba        0x2 
 .bss.m_slave_conn_int
                0x0000000020002fbc        0x4 _build/ble_advertising.o
 .bss.m_service_data
                0x0000000020002fc0        0xc _build/ble_advertising.o
 .bss.m_adv_evt
                0x0000000020002fcc        0x1 _build/ble_advertising.o
 .bss.m_change_param
                0x0000000020002fcd        0x1 _build/ble_conn_params.o
 *fill*         0x0000000020002fce        0x2 
 .bss.m_current_conn_params
                0x0000000020002fd0        0x8 _build/ble_conn_params.o
 .bss.m_update_count
                0x0000000020002fd8        0x1 _build/ble_conn_params.o
 *fill*         0x0000000020002fd9        0x3 
 .bss.m_conn_params_config
                0x0000000020002fdc       0x1c _build/ble_conn_params.o
 .bss.m_conn_params_timer_id
                0x0000000020002ff8        0x4 _build/ble_conn_params.o
 .bss.m_conn_handle
                0x0000000020002ffc        0x2 _build/ble_conn_params.o
 *fill*         0x0000000020002ffe        0x2 
 .bss.m_preferred_conn_params
                0x0000000020003000        0x8 _build/ble_conn_params.o
 .bss.sw_rev_handles
                0x0000000020003008        0x8 _build/ble_dis.o
 .bss.model_num_handles
                0x0000000020003010        0x8 _build/ble_dis.o
 .bss.sys_id_handles
                0x0000000020003018        0x8 _build/ble_dis.o
 .bss.manufact_name_handles
                0x0000000020003020        0x8 _build/ble_dis.o
 .bss.reg_cert_data_list_handles
                0x0000000020003028        0x8 _build/ble_dis.o
 .bss.pnp_id_handles
                0x0000000020003030        0x8 _build/ble_dis.o
 .bss.hw_rev_handles
                0x0000000020003038        0x8 _build/ble_dis.o
 .bss.serial_num_handles
                0x0000000020003040        0x8 _build/ble_dis.o
 .bss.fw_rev_handles
                0x0000000020003048        0x8 _build/ble_dis.o
 .bss.service_handle
                0x0000000020003050        0x2 _build/ble_dis.o
 *fill*         0x0000000020003052        0x2 
 .bss.m_app_context_table
                0x0000000020003054       0x1c _build/device_manager_peripheral.o
 .bss.m_irk_index_table
                0x0000000020003070        0x7 _build/device_manager_peripheral.o
 .bss.m_module_initialized
                0x0000000020003077        0x1 _build/device_manager_peripheral.o
 .bss.m_connection_table
                0x0000000020003078        0xc _build/device_manager_peripheral.o
 .bss.m_peer_table
                0x0000000020003084       0xc4 _build/device_manager_peripheral.o
 .bss.m_storage_handle
                0x0000000020003148        0x8 _build/device_manager_peripheral.o
 .bss.m_bond_table
                0x0000000020003150       0x1c _build/device_manager_peripheral.o
 .bss.m_gatts_table
                0x000000002000316c       0x24 _build/device_manager_peripheral.o
 .bss.m_peer_addr_update
                0x0000000020003190        0x4 _build/device_manager_peripheral.o
 .bss.m_application_table
                0x0000000020003194        0xc _build/device_manager_peripheral.o
 .bss.m_softdevice_enabled
                0x00000000200031a0        0x1 _build/softdevice_handler.o
 *fill*         0x00000000200031a1        0x1 
 .bss.m_ble_evt_buffer_size
                0x00000000200031a2        0x2 _build/softdevice_handler.o
 .bss.mp_ble_evt_buffer
                0x00000000200031a4        0x4 _build/softdevice_handler.o
 .bss.m_sys_evt_handler
                0x00000000200031a8        0x4 _build/softdevice_handler.o
 .bss.m_ble_evt_handler
                0x00000000200031ac        0x4 _build/softdevice_handler.o
 .bss.m_evt_schedule_func
                0x00000000200031b0        0x4 _build/softdevice_handler.o
 *(COMMON)
                0x00000000200031b4                . = ALIGN (0x4)
                0x00000000200031b4                __bss_end__ = .

.heap           0x00000000200031b8     0x2000
                0x00000000200031b8                __end__ = .
                0x00000000200031b8                end = __end__
 *(.heap*)
 .heap          0x00000000200031b8     0x2000 _build/gcc_startup_nrf52.o
                0x00000000200031b8                __HeapBase
                0x00000000200051b8                __HeapLimit = .

.stack_dummy    0x00000000200031b8     0x2000
 *(.stack*)
 .stack         0x00000000200031b8     0x2000 _build/gcc_startup_nrf52.o
                0x0000000020008000                __StackTop = (ORIGIN (RAM) + 0x5800)
                0x0000000020006000                __StackLimit = (__StackTop - SIZEOF (.stack_dummy))
                0x0000000020008000                PROVIDE (__stack, __StackTop)
                0x0000000000000001                ASSERT ((__StackLimit >= __HeapLimit), region RAM overflowed with stack)
OUTPUT(_build/nrf52832_xxaa_s132.out elf32-littlearm)

.ARM.attributes
                0x0000000000000000       0x30
 .ARM.attributes
                0x0000000000000000       0x22 /usr/local/gcc_arm/gcc-arm-none-eabi-4_9-2015q3/bin/../lib/gcc/arm-none-eabi/4.9.3/armv7e-m/fpu/crti.o
 .ARM.attributes
                0x0000000000000022       0x20 /usr/local/gcc_arm/gcc-arm-none-eabi-4_9-2015q3/bin/../lib/gcc/arm-none-eabi/4.9.3/../../../../arm-none-eabi/lib/armv7e-m/fpu/crt0.o
 .ARM.attributes
                0x0000000000000042       0x34 /usr/local/gcc_arm/gcc-arm-none-eabi-4_9-2015q3/bin/../lib/gcc/arm-none-eabi/4.9.3/../../../../arm-none-eabi/lib/armv7e-m/fpu/libc_nano.a(lib_a-exit.o)
 .ARM.attributes
                0x0000000000000076       0x34 /usr/local/gcc_arm/gcc-arm-none-eabi-4_9-2015q3/bin/../lib/gcc/arm-none-eabi/4.9.3/../../../../arm-none-eabi/lib/armv7e-m/fpu/libc_nano.a(lib_a-impure.o)
 .ARM.attributes
                0x00000000000000aa       0x34 /usr/local/gcc_arm/gcc-arm-none-eabi-4_9-2015q3/bin/../lib/gcc/arm-none-eabi/4.9.3/../../../../arm-none-eabi/lib/armv7e-m/fpu/libc_nano.a(lib_a-init.o)
 .ARM.attributes
                0x00000000000000de       0x34 /usr/local/gcc_arm/gcc-arm-none-eabi-4_9-2015q3/bin/../lib/gcc/arm-none-eabi/4.9.3/../../../../arm-none-eabi/lib/armv7e-m/fpu/libc_nano.a(lib_a-memset.o)
 .ARM.attributes
                0x0000000000000112       0x34 /usr/local/gcc_arm/gcc-arm-none-eabi-4_9-2015q3/bin/../lib/gcc/arm-none-eabi/4.9.3/../../../../arm-none-eabi/lib/armv7e-m/fpu/libnosys.a(_exit.o)
 .ARM.attributes
                0x0000000000000146       0x39 _build/app_button.o
 .ARM.attributes
                0x000000000000017f       0x39 _build/app_error.o
 .ARM.attributes
                0x00000000000001b8       0x39 _build/app_timer.o
 .ARM.attributes
                0x00000000000001f1       0x39 _build/sensorsim.o
 .ARM.attributes
                0x000000000000022a       0x39 _build/nrf_drv_common.o
 .ARM.attributes
                0x0000000000000263       0x39 _build/nrf_drv_gpiote.o
 .ARM.attributes
                0x000000000000029c       0x39 _build/nrf_drv_uart.o
 .ARM.attributes
                0x00000000000002d5       0x39 _build/pstorage.o
 .ARM.attributes
                0x000000000000030e       0x39 _build/bsp.o
 .ARM.attributes
                0x0000000000000347       0x39 _build/bsp_btn_ble.o
 .ARM.attributes
                0x0000000000000380       0x39 _build/main.o
 .ARM.attributes
                0x00000000000003b9       0x39 _build/ble_advdata.o
 .ARM.attributes
                0x00000000000003f2       0x39 _build/ble_advertising.o
 .ARM.attributes
                0x000000000000042b       0x39 _build/ble_bas.o
 .ARM.attributes
                0x0000000000000464       0x39 _build/ble_conn_params.o
 .ARM.attributes
                0x000000000000049d       0x39 _build/ble_dis.o
 .ARM.attributes
                0x00000000000004d6       0x39 _build/ble_hrs.o
 .ARM.attributes
                0x000000000000050f       0x39 _build/ble_srv_common.o
 .ARM.attributes
                0x0000000000000548       0x39 _build/device_manager_peripheral.o
 .ARM.attributes
                0x0000000000000581       0x39 _build/system_nrf52.o
 .ARM.attributes
                0x00000000000005ba       0x39 _build/softdevice_handler.o
 .ARM.attributes
                0x00000000000005f3       0x1b _build/gcc_startup_nrf52.o
 .ARM.attributes
                0x000000000000060e       0x34 /usr/local/gcc_arm/gcc-arm-none-eabi-4_9-2015q3/bin/../lib/gcc/arm-none-eabi/4.9.3/../../../../arm-none-eabi/lib/armv7e-m/fpu/libc_nano.a(lib_a-memcmp.o)
 .ARM.attributes
                0x0000000000000642       0x34 /usr/local/gcc_arm/gcc-arm-none-eabi-4_9-2015q3/bin/../lib/gcc/arm-none-eabi/4.9.3/../../../../arm-none-eabi/lib/armv7e-m/fpu/libc_nano.a(lib_a-memcpy.o)
 .ARM.attributes
                0x0000000000000676       0x34 /usr/local/gcc_arm/gcc-arm-none-eabi-4_9-2015q3/bin/../lib/gcc/arm-none-eabi/4.9.3/../../../../arm-none-eabi/lib/armv7e-m/fpu/libc_nano.a(lib_a-memmove.o)
 .ARM.attributes
                0x00000000000006aa       0x34 /usr/local/gcc_arm/gcc-arm-none-eabi-4_9-2015q3/bin/../lib/gcc/arm-none-eabi/4.9.3/../../../../arm-none-eabi/lib/armv7e-m/fpu/libc_nano.a(lib_a-strlen.o)
 .ARM.attributes
                0x00000000000006de       0x22 /usr/local/gcc_arm/gcc-arm-none-eabi-4_9-2015q3/bin/../lib/gcc/arm-none-eabi/4.9.3/armv7e-m/fpu/crtn.o

.comment        0x0000000000000000       0x70
 .comment       0x0000000000000000       0x70 _build/app_button.o
                                         0x71 (size before relaxing)
 .comment       0x0000000000000000       0x71 _build/app_error.o
 .comment       0x0000000000000000       0x71 _build/app_timer.o
 .comment       0x0000000000000000       0x71 _build/sensorsim.o
 .comment       0x0000000000000000       0x71 _build/nrf_drv_common.o
 .comment       0x0000000000000000       0x71 _build/nrf_drv_gpiote.o
 .comment       0x0000000000000000       0x71 _build/nrf_drv_uart.o
 .comment       0x0000000000000000       0x71 _build/pstorage.o
 .comment       0x0000000000000000       0x71 _build/bsp.o
 .comment       0x0000000000000000       0x71 _build/bsp_btn_ble.o
 .comment       0x0000000000000000       0x71 _build/main.o
 .comment       0x0000000000000000       0x71 _build/ble_advdata.o
 .comment       0x0000000000000000       0x71 _build/ble_advertising.o
 .comment       0x0000000000000000       0x71 _build/ble_bas.o
 .comment       0x0000000000000000       0x71 _build/ble_conn_params.o
 .comment       0x0000000000000000       0x71 _build/ble_dis.o
 .comment       0x0000000000000000       0x71 _build/ble_hrs.o
 .comment       0x0000000000000000       0x71 _build/ble_srv_common.o
 .comment       0x0000000000000000       0x71 _build/device_manager_peripheral.o
 .comment       0x0000000000000000       0x71 _build/system_nrf52.o
 .comment       0x0000000000000000       0x71 _build/softdevice_handler.o

.debug_frame    0x0000000000000000      0x12c
 .debug_frame   0x0000000000000000       0x28 /usr/local/gcc_arm/gcc-arm-none-eabi-4_9-2015q3/bin/../lib/gcc/arm-none-eabi/4.9.3/../../../../arm-none-eabi/lib/armv7e-m/fpu/libc_nano.a(lib_a-exit.o)
 .debug_frame   0x0000000000000028       0x2c /usr/local/gcc_arm/gcc-arm-none-eabi-4_9-2015q3/bin/../lib/gcc/arm-none-eabi/4.9.3/../../../../arm-none-eabi/lib/armv7e-m/fpu/libc_nano.a(lib_a-init.o)
 .debug_frame   0x0000000000000054       0x20 /usr/local/gcc_arm/gcc-arm-none-eabi-4_9-2015q3/bin/../lib/gcc/arm-none-eabi/4.9.3/../../../../arm-none-eabi/lib/armv7e-m/fpu/libc_nano.a(lib_a-memset.o)
 .debug_frame   0x0000000000000074       0x20 /usr/local/gcc_arm/gcc-arm-none-eabi-4_9-2015q3/bin/../lib/gcc/arm-none-eabi/4.9.3/../../../../arm-none-eabi/lib/armv7e-m/fpu/libnosys.a(_exit.o)
 .debug_frame   0x0000000000000094       0x28 /usr/local/gcc_arm/gcc-arm-none-eabi-4_9-2015q3/bin/../lib/gcc/arm-none-eabi/4.9.3/../../../../arm-none-eabi/lib/armv7e-m/fpu/libc_nano.a(lib_a-memcmp.o)
 .debug_frame   0x00000000000000bc       0x28 /usr/local/gcc_arm/gcc-arm-none-eabi-4_9-2015q3/bin/../lib/gcc/arm-none-eabi/4.9.3/../../../../arm-none-eabi/lib/armv7e-m/fpu/libc_nano.a(lib_a-memcpy.o)
 .debug_frame   0x00000000000000e4       0x28 /usr/local/gcc_arm/gcc-arm-none-eabi-4_9-2015q3/bin/../lib/gcc/arm-none-eabi/4.9.3/../../../../arm-none-eabi/lib/armv7e-m/fpu/libc_nano.a(lib_a-memmove.o)
 .debug_frame   0x000000000000010c       0x20 /usr/local/gcc_arm/gcc-arm-none-eabi-4_9-2015q3/bin/../lib/gcc/arm-none-eabi/4.9.3/../../../../arm-none-eabi/lib/armv7e-m/fpu/libc_nano.a(lib_a-strlen.o)
